{x: true, y: null, z: -5}
{x: null, y: null}
{x: {x: null}, y: [{x: 5}]}
