[[0, 1, 2], [3, 4, 5], [6, 7, 8]]
[[3, 4, 5], [6, 7, 8]]
[[6, 7, 8]]
[[0, 1, 2], [-1, 4, 5], [6, 7, 8]]
[[-1, 4, 5], [6, 7, 8]]
[[0, 1, 2], [-1, 4, 5], [-2, 7, 8]]
[[-1, 4, 5], [6, 7, 8]]
[-1, 0, 1]
