[true, false]
[null, true, null]
[0, [null, 0], 0.0, foo]
