[]
[-5, 1, 3, 4, 6, null]
[-5, 1, 3, 4, 6, null]
[-5, 5, 12, 12, 43, 50, 9000]
[0, 1, 2, 3, 4, 5, 6, 7, 8, 9]
