{index: 0, input: foo bar baz}
f
o
{index: 1, input: foo bar baz}
{index: 2, input: foo bar baz}
f
