obj
obj
true
true
false
false
obj
false
false
true
false
