{4, 5}
{4, 5}
{-5}
true
false
false
{-5, 4, 5}
{-5}
