[0, 1]
[0, 1]
[5]
true
false
false
[5, 0, 1]
[5, 5]
