0
1
2
3
0
[0, 3, 2]
[0, 3, 5]
[0, {1, 2}, 5]
[[[0, 1], [2, 3]]]
[[[0, 1], [2, 1]]]
[[[0, 1], {x: [0, 1]}]]
[1, 1, 2]
[foo, 1, 2]
[[0, 1, 2]]
[[5, 1, 2]]
[[0, 1, 2]]
