0
1
{x: 2}
-1
-2
0
{x: 1}
{x: -3, y: 0, z: {x: 1}}
{x: -2, y: 0, z: {x: 1}}
