{x: 0}
{x: 1}
{x: 'foo'}
{x: {{{}}}}
{x: []}
{x: [{[null]}]}
