0
1
{x: 2}
1
2
2
{x: 3}
{x: 3, y: 2, z: {x: 3}}
{x: 2, y: 2, z: {x: 3}}
